21:00:08 **** Incremental Build of configuration Debug for project Matrix-LED ****
make -j16 all 
arm-none-eabi-gcc "../Core/Src/main.c" -mcpu=cortex-m4 -std=gnu11 -g3 -DUSE_HAL_DRIVER -DSTM32F303x8 -DDEBUG -c -I../Core/Inc -I../Drivers/STM32F3xx_HAL_Driver/Inc -I../Drivers/STM32F3xx_HAL_Driver/Inc/Legacy -I../Drivers/CMSIS/Device/ST/STM32F3xx/Include -I../Drivers/CMSIS/Include -O0 -ffunction-sections -fdata-sections -Wall -fstack-usage -MMD -MP -MF"Core/Src/main.d" -MT"Core/Src/main.o" --specs=nano.specs -mfpu=fpv4-sp-d16 -mfloat-abi=hard -mthumb -o "Core/Src/main.o"
arm-none-eabi-gcc -o "Matrix-LED.elf" @"objects.list"   -mcpu=cortex-m4 -T"C:\Users\arman\Documents\codigos\Arquitectura\Matrix-LED\STM32F303K8TX_FLASH.ld" --specs=nosys.specs -Wl,-Map="Matrix-LED.map" -Wl,--gc-sections -static --specs=nano.specs -mfpu=fpv4-sp-d16 -mfloat-abi=hard -mthumb -Wl,--start-group -lc -lm -Wl,--end-group
Finished building target: Matrix-LED.elf
 
arm-none-eabi-objdump -h -S  Matrix-LED.elf  > "Matrix-LED.list"
arm-none-eabi-objcopy  -O binary  Matrix-LED.elf  "Matrix-LED.bin"
arm-none-eabi-size   Matrix-LED.elf 
   text	   data	    bss	    dec	    hex	filename
   9576	     20	   1700	  11296	   2c20	Matrix-LED.elf
Finished building: default.size.stdout
 
Finished building: Matrix-LED.bin
 
Finished building: Matrix-LED.list
 

21:00:10 Build Finished. 0 errors, 0 warnings. (took 1s.767ms)

